cargo :    Compiling k0 v0.1.0 (C:\Users\store\OneDrive\Documents\GitHub\NeuroOS\LyraOS\k0)
At line:1 char:64
+ ... S/LyraOS" ; cargo test -p k0 -- --nocapture > test_output.txt 2>&1 ;  ...
+                 ~~~~~~~~~~~~~~~~~~~~~~~~~~~~~~~~~~~~~~~~~~~~~~~~~~~~~~
    + CategoryInfo          : NotSpecified: (   Compiling k0...roOS\LyraOS\k0):String) [], 
    RemoteException
    + FullyQualifiedErrorId : NativeCommandError
 
    Finished `test` profile [unoptimized + debuginfo] target(s) in 1.36s
     Running unittests src\lib.rs (target\debug\deps\k0-aeab49ac8b95903f.exe)

running 64 tests
test codec::decoder::tests::decode_bytes_roundtrip ... ok
test codec::decoder::tests::decode_rejects_non_canonical_field_order ... ok
test codec::decoder::tests::decode_map_roundtrip ... ok
test codec::decoder::tests::decode_rejects_non_canonical_map_order ... ok
test codec::decoder::tests::decode_rejects_unknown_tag ... ok
test codec::decoder::tests::decode_sint_minus_one ... ok
test codec::decoder::tests::decode_struct_fixture ... ok
test codec::decoder::tests::decode_uint_128 ... ok
test codec::decoder::tests::decode_uint_zero ... ok
test codec::decoder::tests::decode_struct_roundtrip ... ok
test codec::decoder::tests::decode_string_roundtrip ... ok
test codec::decoder::tests::decode_vector_roundtrip ... ok
test codec::decoder::tests::encode_decode_roundtrip_all_types ... ok
test codec::encoder::tests::encode_bytes ... ok
test codec::encoder::tests::encode_is_deterministic ... ok
test codec::encoder::tests::encode_map_sorts_by_key_bytes ... ok
test codec::encoder::tests::encode_sint_minus_one ... ok
test codec::encoder::tests::encode_sint_one ... ok
test codec::encoder::tests::encode_sint_zero ... ok
test codec::encoder::tests::encode_string ... ok
test codec::encoder::tests::encode_struct_matches_fixture ... ok
test codec::encoder::tests::encode_struct_sorts_fields ... ok
test codec::encoder::tests::encode_uint_127 ... ok
test codec::encoder::tests::encode_uint_128 ... ok
test codec::encoder::tests::encode_uint_one ... ok
test codec::encoder::tests::encode_uint_zero ... ok
test codec::encoder::tests::encode_vector_uint ... ok
test codec::varint::tests::decode_u64_rejects_empty_input ... ok
test codec::varint::tests::decode_u64_rejects_non_canonical_trailing_zero ... ok
test codec::varint::tests::decode_u64_with_offset ... ok
test codec::varint::tests::i64_minus_one_encodes_to_one ... ok
test codec::varint::tests::i64_one_encodes_to_two ... ok
test codec::varint::tests::i64_roundtrip_various ... ok
test codec::varint::tests::i64_zero_encodes_to_zero ... ok
test codec::varint::tests::u64_127_encodes_to_single_byte ... ok
test codec::varint::tests::u64_128_encodes_to_two_bytes ... ok
test codec::varint::tests::u64_300_encodes_correctly ... ok
canonical_genesis_hash = a87d40ffa7f46cf01a793ca5f9a9093b4c783237d5594fb4fd2336cb9ff44c37
test codec::varint::tests::u64_one_encodes_to_single_one_byte ... ok
test codec::varint::tests::u64_roundtrip_max ... ok
test codec::varint::tests::u64_roundtrip_various ... ok
test codec::varint::tests::u64_roundtrip_zero ... ok
test codec::varint::tests::u64_zero_encodes_to_single_zero_byte ... ok
test genesis::hash::tests::constitutional_hash_hex_is_64_chars ... ok
test genesis::hash::tests::from_hex_rejects_invalid_chars ... ok
test genesis::hash::tests::canonical_genesis_hash_is_known ... ok
test genesis::hash::tests::from_hex_rejects_short_string ... ok
test genesis::hash::tests::constitutional_hash_is_deterministic ... ok
test genesis::state::tests::canonical_genesis_is_valid ... ok
test genesis::hash::tests::constitutional_hash_hex_roundtrip ... ok
test genesis::state::tests::canonical_genesis_sequence_is_zero ... ok
test genesis::state::tests::canonical_genesis_serializes_deterministically ... ok
test genesis::state::tests::canonical_genesis_system_id_is_lyra ... ok
test genesis::hash::tests::mutated_state_produces_different_hash ... ok
test genesis::state::tests::canonical_genesis_version_is_one ... ok
test genesis::state::tests::empty_system_id_is_rejected ... ok
test genesis::state::tests::invalid_trust_root_fingerprint_is_rejected ... ok
test genesis::state::tests::nonzero_sequence_is_rejected ... ok
test genesis::state::tests::whitespace_system_id_is_rejected ... ok
test genesis::trust_roots::tests::duplicate_id_is_rejected ... ok
test genesis::trust_roots::tests::empty_trust_roots_is_valid ... ok
test genesis::trust_roots::tests::non_canonical_ordering_is_rejected ... ok
test genesis::trust_roots::tests::short_fingerprint_is_rejected ... ok
test genesis::trust_roots::tests::single_valid_entry_is_accepted ... ok
test genesis::trust_roots::tests::uppercase_fingerprint_is_rejected ... ok

test result: ok. 64 passed; 0 failed; 0 ignored; 0 measured; 0 filtered out; finished in 0.01s

   Doc-tests k0

running 0 tests

test result: ok. 0 passed; 0 failed; 0 ignored; 0 measured; 0 filtered out; finished in 0.00s

